[INFO] Scanning for projects...
[INFO] 
[INFO] -----------------------< com.imms:imms-backend >------------------------
[INFO] Building  0.0.1-SNAPSHOT
[INFO]   from pom.xml
[INFO] --------------------------------[ jar ]---------------------------------
[INFO] 
[INFO] --- clean:3.5.0:clean (default-clean) @ imms-backend ---
[INFO] Deleting G:\Prince\imms-backend\target
[INFO] 
[INFO] --- resources:3.3.1:resources (default-resources) @ imms-backend ---
[INFO] Copying 1 resource from src\main\resources to target\classes
[INFO] Copying 1 resource from src\main\resources to target\classes
[INFO] 
[INFO] --- compiler:3.14.1:compile (default-compile) @ imms-backend ---
[INFO] Recompiling the module because of changed source code.
[INFO] Compiling 66 source files with javac [debug parameters release 21] to target\classes
[INFO] -------------------------------------------------------------
[ERROR] COMPILATION ERROR : 
[INFO] -------------------------------------------------------------
[ERROR] /G:/Prince/imms-backend/src/main/java/com/imms/model/entity/WorkOrder.java:[85,18] cannot find symbol
  symbol:   class WorkOrderApplication
  location: class com.imms.model.entity.WorkOrder
[ERROR] /G:/Prince/imms-backend/src/main/java/com/imms/model/entity/WorkOrder.java:[85,40] cannot find symbol
  symbol:   class WorkOrderApplication
  location: class com.imms.model.entity.WorkOrder
[ERROR] /G:/Prince/imms-backend/src/main/java/com/imms/model/entity/WorkOrder.java:[14,1] cannot find symbol
  symbol:   class WorkOrderApplication
  location: class com.imms.model.entity.WorkOrder
[INFO] 3 errors 
[INFO] -------------------------------------------------------------
[INFO] ------------------------------------------------------------------------
[INFO] BUILD FAILURE
[INFO] ------------------------------------------------------------------------
[INFO] Total time:  21.162 s
[INFO] Finished at: 2026-04-25T23:21:30+06:00
[INFO] ------------------------------------------------------------------------
[ERROR] Failed to execute goal org.apache.maven.plugins:maven-compiler-plugin:3.14.1:compile (default-compile) on project imms-backend: Compilation failure: Compilation failure: 
[ERROR] /G:/Prince/imms-backend/src/main/java/com/imms/model/entity/WorkOrder.java:[85,18] cannot find symbol
[ERROR]   symbol:   class WorkOrderApplication
[ERROR]   location: class com.imms.model.entity.WorkOrder
[ERROR] /G:/Prince/imms-backend/src/main/java/com/imms/model/entity/WorkOrder.java:[85,40] cannot find symbol
[ERROR]   symbol:   class WorkOrderApplication
[ERROR]   location: class com.imms.model.entity.WorkOrder
[ERROR] /G:/Prince/imms-backend/src/main/java/com/imms/model/entity/WorkOrder.java:[14,1] cannot find symbol
[ERROR]   symbol:   class WorkOrderApplication
[ERROR]   location: class com.imms.model.entity.WorkOrder
[ERROR] -> [Help 1]
[ERROR] 
[ERROR] To see the full stack trace of the errors, re-run Maven with the -e switch.
[ERROR] Re-run Maven using the -X switch to enable full debug logging.
[ERROR] 
[ERROR] For more information about the errors and possible solutions, please read the following articles:
[ERROR] [Help 1] http://cwiki.apache.org/confluence/display/MAVEN/MojoFailureException
